MPLINK 4.49, Linker
Linker Map File - Created Fri Jan 06 14:20:05 2017

                                 Section Info
                  Section       Type    Address   Location Size(Bytes)
                ---------  ---------  ---------  ---------  ---------
                   .org_0       code   0x000000    program   0x000000
                   .org_1       code   0x000000    program   0x00004e



                              Program Memory Usage 
                               Start         End      
                           ---------   ---------      
                            0x000000    0x000026      
            39 out of 1094 program addresses used, program memory utilization is 3%



                              Symbols - Sorted by Name
                     Name    Address   Location    Storage File                     
                ---------  ---------  ---------  --------- ---------                
                     LEFT   0x00000c    program     static C:\Users\Nishi\Documents\GitHub\Microcomputer\5-6\5-6.asm
                    LOOP1   0x000015    program     static C:\Users\Nishi\Documents\GitHub\Microcomputer\5-6\5-6.asm
                    LOOP2   0x00001b    program     static C:\Users\Nishi\Documents\GitHub\Microcomputer\5-6\5-6.asm
                    LOOP3   0x000022    program     static C:\Users\Nishi\Documents\GitHub\Microcomputer\5-6\5-6.asm
                    RIGHT   0x000006    program     static C:\Users\Nishi\Documents\GitHub\Microcomputer\5-6\5-6.asm
                   TIMER1   0x000013    program     static C:\Users\Nishi\Documents\GitHub\Microcomputer\5-6\5-6.asm
                   TIMER2   0x000019    program     static C:\Users\Nishi\Documents\GitHub\Microcomputer\5-6\5-6.asm
                   TIMER3   0x000020    program     static C:\Users\Nishi\Documents\GitHub\Microcomputer\5-6\5-6.asm



                              Symbols - Sorted by Address
                     Name    Address   Location    Storage File                     
                ---------  ---------  ---------  --------- ---------                
                    RIGHT   0x000006    program     static C:\Users\Nishi\Documents\GitHub\Microcomputer\5-6\5-6.asm
                     LEFT   0x00000c    program     static C:\Users\Nishi\Documents\GitHub\Microcomputer\5-6\5-6.asm
                   TIMER1   0x000013    program     static C:\Users\Nishi\Documents\GitHub\Microcomputer\5-6\5-6.asm
                    LOOP1   0x000015    program     static C:\Users\Nishi\Documents\GitHub\Microcomputer\5-6\5-6.asm
                   TIMER2   0x000019    program     static C:\Users\Nishi\Documents\GitHub\Microcomputer\5-6\5-6.asm
                    LOOP2   0x00001b    program     static C:\Users\Nishi\Documents\GitHub\Microcomputer\5-6\5-6.asm
                   TIMER3   0x000020    program     static C:\Users\Nishi\Documents\GitHub\Microcomputer\5-6\5-6.asm
                    LOOP3   0x000022    program     static C:\Users\Nishi\Documents\GitHub\Microcomputer\5-6\5-6.asm


