MPLINK 4.49, Linker
Linker Map File - Created Fri Jan 06 13:50:35 2017

                                 Section Info
                  Section       Type    Address   Location Size(Bytes)
                ---------  ---------  ---------  ---------  ---------
                   .org_0       code   0x000000    program   0x00003a
                   .cinit    romdata   0x00001d    program   0x000004



                              Program Memory Usage 
                               Start         End      
                           ---------   ---------      
                            0x000000    0x00001e      
            31 out of 1094 program addresses used, program memory utilization is 2%



                              Symbols - Sorted by Name
                     Name    Address   Location    Storage File                     
                ---------  ---------  ---------  --------- ---------                
                    LOOP1   0x00000b    program     static C:\Users\Nishi\Documents\GitHub\Microcomputer\5-5\5-5.asm
                    LOOP2   0x000011    program     static C:\Users\Nishi\Documents\GitHub\Microcomputer\5-5\5-5.asm
                    LOOP3   0x000018    program     static C:\Users\Nishi\Documents\GitHub\Microcomputer\5-5\5-5.asm
                   REPEAT   0x000006    program     static C:\Users\Nishi\Documents\GitHub\Microcomputer\5-5\5-5.asm
                   TIMER1   0x000009    program     static C:\Users\Nishi\Documents\GitHub\Microcomputer\5-5\5-5.asm
                   TIMER2   0x00000f    program     static C:\Users\Nishi\Documents\GitHub\Microcomputer\5-5\5-5.asm
                   TIMER3   0x000016    program     static C:\Users\Nishi\Documents\GitHub\Microcomputer\5-5\5-5.asm



                              Symbols - Sorted by Address
                     Name    Address   Location    Storage File                     
                ---------  ---------  ---------  --------- ---------                
                   REPEAT   0x000006    program     static C:\Users\Nishi\Documents\GitHub\Microcomputer\5-5\5-5.asm
                   TIMER1   0x000009    program     static C:\Users\Nishi\Documents\GitHub\Microcomputer\5-5\5-5.asm
                    LOOP1   0x00000b    program     static C:\Users\Nishi\Documents\GitHub\Microcomputer\5-5\5-5.asm
                   TIMER2   0x00000f    program     static C:\Users\Nishi\Documents\GitHub\Microcomputer\5-5\5-5.asm
                    LOOP2   0x000011    program     static C:\Users\Nishi\Documents\GitHub\Microcomputer\5-5\5-5.asm
                   TIMER3   0x000016    program     static C:\Users\Nishi\Documents\GitHub\Microcomputer\5-5\5-5.asm
                    LOOP3   0x000018    program     static C:\Users\Nishi\Documents\GitHub\Microcomputer\5-5\5-5.asm


