MPLINK 4.49, Linker
Linker Map File - Created Mon Jan 09 01:24:22 2017

                                 Section Info
                  Section       Type    Address   Location Size(Bytes)
                ---------  ---------  ---------  ---------  ---------
                   .org_0       code   0x000000    program   0x000000
                   .org_1       code   0x000000    program   0x00003a



                              Program Memory Usage 
                               Start         End      
                           ---------   ---------      
                            0x000000    0x00001c      
            29 out of 1094 program addresses used, program memory utilization is 2%



                              Symbols - Sorted by Name
                     Name    Address   Location    Storage File                     
                ---------  ---------  ---------  --------- ---------                
                    LOOP1   0x00000b    program     static Z:\home\nishi\GitHub\Microcomputer\5-8\5-8.asm
                    LOOP2   0x000011    program     static Z:\home\nishi\GitHub\Microcomputer\5-8\5-8.asm
                    LOOP3   0x000018    program     static Z:\home\nishi\GitHub\Microcomputer\5-8\5-8.asm
                   REPEAT   0x000003    program     static Z:\home\nishi\GitHub\Microcomputer\5-8\5-8.asm
                   TIMER1   0x000009    program     static Z:\home\nishi\GitHub\Microcomputer\5-8\5-8.asm
                   TIMER2   0x00000f    program     static Z:\home\nishi\GitHub\Microcomputer\5-8\5-8.asm
                   TIMER3   0x000016    program     static Z:\home\nishi\GitHub\Microcomputer\5-8\5-8.asm



                              Symbols - Sorted by Address
                     Name    Address   Location    Storage File                     
                ---------  ---------  ---------  --------- ---------                
                   REPEAT   0x000003    program     static Z:\home\nishi\GitHub\Microcomputer\5-8\5-8.asm
                   TIMER1   0x000009    program     static Z:\home\nishi\GitHub\Microcomputer\5-8\5-8.asm
                    LOOP1   0x00000b    program     static Z:\home\nishi\GitHub\Microcomputer\5-8\5-8.asm
                   TIMER2   0x00000f    program     static Z:\home\nishi\GitHub\Microcomputer\5-8\5-8.asm
                    LOOP2   0x000011    program     static Z:\home\nishi\GitHub\Microcomputer\5-8\5-8.asm
                   TIMER3   0x000016    program     static Z:\home\nishi\GitHub\Microcomputer\5-8\5-8.asm
                    LOOP3   0x000018    program     static Z:\home\nishi\GitHub\Microcomputer\5-8\5-8.asm


